------------------------------------------------------------
TimeQuest Timing Analyzer Summary
------------------------------------------------------------

Type  : Slow 1200mV 85C Model Setup 'clock50'
Slack : -2.276
TNS   : -33.862

Type  : Slow 1200mV 85C Model Setup 'temporizador:t|count[26]'
Slack : 0.118
TNS   : 0.000

Type  : Slow 1200mV 85C Model Hold 'clock50'
Slack : 0.406
TNS   : 0.000

Type  : Slow 1200mV 85C Model Hold 'temporizador:t|count[26]'
Slack : 0.439
TNS   : 0.000

Type  : Slow 1200mV 85C Model Minimum Pulse Width 'clock50'
Slack : -3.000
TNS   : -37.695

Type  : Slow 1200mV 85C Model Minimum Pulse Width 'temporizador:t|count[26]'
Slack : -1.285
TNS   : -17.990

Type  : Slow 1200mV 0C Model Setup 'clock50'
Slack : -1.919
TNS   : -27.381

Type  : Slow 1200mV 0C Model Setup 'temporizador:t|count[26]'
Slack : 0.208
TNS   : 0.000

Type  : Slow 1200mV 0C Model Hold 'clock50'
Slack : 0.364
TNS   : 0.000

Type  : Slow 1200mV 0C Model Hold 'temporizador:t|count[26]'
Slack : 0.404
TNS   : 0.000

Type  : Slow 1200mV 0C Model Minimum Pulse Width 'clock50'
Slack : -3.000
TNS   : -37.695

Type  : Slow 1200mV 0C Model Minimum Pulse Width 'temporizador:t|count[26]'
Slack : -1.285
TNS   : -17.990

Type  : Fast 1200mV 0C Model Setup 'clock50'
Slack : -0.767
TNS   : -4.591

Type  : Fast 1200mV 0C Model Setup 'temporizador:t|count[26]'
Slack : 0.566
TNS   : 0.000

Type  : Fast 1200mV 0C Model Hold 'clock50'
Slack : 0.188
TNS   : 0.000

Type  : Fast 1200mV 0C Model Hold 'temporizador:t|count[26]'
Slack : 0.193
TNS   : 0.000

Type  : Fast 1200mV 0C Model Minimum Pulse Width 'clock50'
Slack : -3.000
TNS   : -31.868

Type  : Fast 1200mV 0C Model Minimum Pulse Width 'temporizador:t|count[26]'
Slack : -1.000
TNS   : -14.000

------------------------------------------------------------
